// Jest Snapshot v1, https://goo.gl/fbAQLP

exports[`ForecastSummaries renders correctly 1`] = `
<DocumentFragment>
  <div
    class="forecast-summaries"
  >
    <div
      class="forecast-summary"
      data-testid="forecast-summary"
    >
      <div
        class="forecast-summary__date"
      >
         Date: 1111111 
      </div>
      <div
        class="forecast-summary__temperature"
      >
        Max temp: 22
      </div>
      <div
        class="forecast-summary__description"
      >
        Description: Stub description 1
      </div>
      <div
        class="forecast-summary__icon"
        data-testid="forecast-icon"
      >
        Icon: stubIcon1
      </div>
    </div>
    <div
      class="forecast-summary"
      data-testid="forecast-summary"
    >
      <div
        class="forecast-summary__date"
      >
         Date: 2222222 
      </div>
      <div
        class="forecast-summary__temperature"
      >
        Max temp: 24
      </div>
      <div
        class="forecast-summary__description"
      >
        Description: Stub description2
      </div>
      <div
        class="forecast-summary__icon"
        data-testid="forecast-icon"
      >
        Icon: stubIcon2
      </div>
    </div>
  </div>
</DocumentFragment>
`;
